// Jest Snapshot v1, https://goo.gl/fbAQLP

exports[`Card component should render Card component markup 1`] = `
<article
  className="small-movie-card catalog__movies-card"
  onMouseEnter={[Function]}
  onMouseLeave={[Function]}
>
  <div
    className="small-movie-card__image"
  >
    <img
      alt="The Godfather"
      height="175"
      src="https://m.media-amazon.com/images/M/MV5BM2MyNjYxNmUtYTAwNi00MTYxLWJmNWYtYzZlODY3ZTk3OTFlXkEyXkFqcGdeQXVyNzkwMjQ5NzM@._V1_SX300.jpg"
      width="280"
    />
  </div>
  <h3
    className="small-movie-card__title"
  >
    <a
      className="small-movie-card__link"
      href="/"
    >
      The Godfather
    </a>
  </h3>
</article>
`;
