// Jest Snapshot v1, https://goo.gl/fbAQLP

exports[`Card component should render SmallMovieCard component markup 1`] = `
<article
  className="small-movie-card catalog__movies-card"
  onClick={[Function]}
  onMouseEnter={[Function]}
  onMouseLeave={[Function]}
>
  <div
    className="small-movie-card__image"
  >
    <video
      style={
        Object {
          "objectFit": "cover",
        }
      }
    />
  </div>
  <h3
    className="small-movie-card__title"
  >
    <a
      className="small-movie-card__link"
      href=""
    >
      The Godfather
    </a>
  </h3>
</article>
`;
